Watching for file changes with StatReloader
C:\Users\jansg\OneDrive\Desktop\projects\python\cardbook\web\views.py changed, reloading.
Watching for file changes with StatReloader
[09/Jul/2026 00:20:28] "GET /empresas/ HTTP/1.1" 200 3917
[09/Jul/2026 00:20:28] "GET /static/css/style.css HTTP/1.1" 304 0
[09/Jul/2026 00:20:29] "GET /empresas/ HTTP/1.1" 200 3917
[09/Jul/2026 00:20:34] "GET /empresas/ HTTP/1.1" 200 3917
[09/Jul/2026 00:20:38] "GET /empresas/ HTTP/1.1" 200 3917
[09/Jul/2026 00:20:53] "GET /empresas/ HTTP/1.1" 200 3917
[09/Jul/2026 00:20:56] "GET /dashboard/ HTTP/1.1" 200 6731
[09/Jul/2026 00:20:56] "GET /static/css/dashboard.css HTTP/1.1" 304 0
[09/Jul/2026 00:20:58] "GET /dashboard/companies/ HTTP/1.1" 200 24105
[09/Jul/2026 00:21:00] "GET /dashboard/companies/7/website/ HTTP/1.1" 200 198879
[09/Jul/2026 00:21:15] "GET /dashboard/ HTTP/1.1" 200 6731
[09/Jul/2026 00:21:15] "GET /static/css/style.css HTTP/1.1" 304 0
[09/Jul/2026 00:21:16] "GET / HTTP/1.1" 200 8853
[09/Jul/2026 00:21:18] "GET /empresas/ HTTP/1.1" 200 3917
[09/Jul/2026 00:21:19] "GET /empresas/ HTTP/1.1" 200 3917
[09/Jul/2026 00:22:27] "GET /empresas/ HTTP/1.1" 200 59904
[09/Jul/2026 00:22:27] "GET /media/card_photos/685765478_26737359902558808_9193386287397387882_n.jpg HTTP/1.1" 304 0
[09/Jul/2026 00:22:27] "GET /static/css/style.css HTTP/1.1" 200 26120
[09/Jul/2026 00:22:28] "GET /empresas/ HTTP/1.1" 200 59904
[09/Jul/2026 00:22:28] "GET /static/css/style.css HTTP/1.1" 304 0
[09/Jul/2026 00:23:47] "GET /empresas/ HTTP/1.1" 200 59897
[09/Jul/2026 00:23:47] "GET /static/css/style.css HTTP/1.1" 200 27032
C:\Users\jansg\OneDrive\Desktop\projects\python\cardbook\web\views.py changed, reloading.
Watching for file changes with StatReloader
[09/Jul/2026 00:24:00] "GET /empresas/ HTTP/1.1" 200 59904
[09/Jul/2026 00:24:00] "GET /static/css/style.css HTTP/1.1" 304 0
[09/Jul/2026 00:24:09] "GET /empresas/ HTTP/1.1" 200 59914
[09/Jul/2026 00:24:10,010] - Broken pipe from ('127.0.0.1', 52434)
[09/Jul/2026 00:24:11] "GET /empresas/ HTTP/1.1" 200 59904
[09/Jul/2026 00:24:11] "GET /static/css/style.css HTTP/1.1" 304 0
[09/Jul/2026 00:24:31] "GET /empresas/ HTTP/1.1" 200 59904
[09/Jul/2026 00:24:31] "GET /static/css/style.css HTTP/1.1" 304 0
[09/Jul/2026 00:24:38] "GET /empresas/ HTTP/1.1" 200 59904
[09/Jul/2026 00:24:39] "GET /empresas/ HTTP/1.1" 200 59904
[09/Jul/2026 00:24:39] "GET /empresas/ HTTP/1.1" 200 59904
[09/Jul/2026 00:25:15] "GET /empresas/ HTTP/1.1" 200 59910
[09/Jul/2026 00:25:15] "GET /static/css/style.css HTTP/1.1" 304 0
[09/Jul/2026 00:25:35] "GET /empresas/ HTTP/1.1" 200 59915
[09/Jul/2026 00:25:35] "GET /static/css/style.css HTTP/1.1" 304 0
[09/Jul/2026 00:25:53] "GET /empresas/ HTTP/1.1" 200 59919
[09/Jul/2026 00:25:53] "GET /static/css/style.css HTTP/1.1" 304 0
[09/Jul/2026 00:26:10] "GET /empresas/ HTTP/1.1" 200 59919
[09/Jul/2026 00:26:27] "GET /empresas/ HTTP/1.1" 200 59892
[09/Jul/2026 00:26:27] "GET /static/css/style.css HTTP/1.1" 304 0
[09/Jul/2026 00:26:28] "GET /empresas/ HTTP/1.1" 200 59892
[09/Jul/2026 00:26:35] "GET /empresas/ HTTP/1.1" 200 59884
[09/Jul/2026 00:26:36] "GET /empresas/ HTTP/1.1" 200 59884
[09/Jul/2026 00:27:32] "GET /empresas/ HTTP/1.1" 200 59915
[09/Jul/2026 00:27:32] "GET /static/css/style.css HTTP/1.1" 304 0
[09/Jul/2026 00:27:33] "GET /empresas/ HTTP/1.1" 200 59915
[09/Jul/2026 00:27:40] "GET /empresas/ HTTP/1.1" 200 59915
[09/Jul/2026 00:27:42] "GET /empresas/ HTTP/1.1" 200 59915
[09/Jul/2026 00:29:06] "GET /empresas/ HTTP/1.1" 200 59910
[09/Jul/2026 00:29:06] "GET /static/css/style.css HTTP/1.1" 304 0
[09/Jul/2026 00:31:22] "GET /empresas/ HTTP/1.1" 200 59910
[09/Jul/2026 00:31:22] "GET /static/css/style.css HTTP/1.1" 304 0
[09/Jul/2026 00:31:38] "GET /dashboard/ HTTP/1.1" 200 6731
[09/Jul/2026 00:31:38] "GET /static/css/dashboard.css HTTP/1.1" 304 0
[09/Jul/2026 00:31:40] "GET /dashboard/white-card-job/ HTTP/1.1" 200 16461
[09/Jul/2026 00:31:42] "GET /dashboard/book/ HTTP/1.1" 200 7188
[09/Jul/2026 00:31:45] "GET /dashboard/book/ HTTP/1.1" 200 7188
[09/Jul/2026 00:31:47] "GET /dashboard/white-card-job/ HTTP/1.1" 200 16461
[09/Jul/2026 00:31:50] "GET /dashboard/book/ HTTP/1.1" 200 7188
[09/Jul/2026 00:31:59] "GET /dashboard/companies/7/website/ HTTP/1.1" 200 198879
[09/Jul/2026 00:32:01] "GET /dashboard/white-card-job/ HTTP/1.1" 200 16461
[09/Jul/2026 00:32:06] "GET /dashboard/ HTTP/1.1" 200 6731
[09/Jul/2026 00:32:07] "GET /dashboard/ HTTP/1.1" 200 6731
[09/Jul/2026 00:32:12] "GET / HTTP/1.1" 200 8853
[09/Jul/2026 00:32:15] "GET /empresas/ HTTP/1.1" 200 61533
[09/Jul/2026 00:32:15] "GET /static/css/style.css HTTP/1.1" 304 0
[09/Jul/2026 00:32:15] "GET /c/camila-rivas-bluenova-technologies/qr.svg HTTP/1.1" 200 112292
[09/Jul/2026 00:32:15] "GET /c/adrian-soto-bluenova-technologies/qr.svg HTTP/1.1" 200 94894
[09/Jul/2026 00:32:15] "GET /c/joel-cabrera-bluenova-technologies/qr.svg HTTP/1.1" 200 115608
[09/Jul/2026 00:32:15] "GET /c/nestor-diaz-bluenova-technologies/qr.svg HTTP/1.1" 200 94020
[09/Jul/2026 00:32:15] "GET /c/marta-reyes-bluenova-technologies/qr.svg HTTP/1.1" 200 95542
[09/Jul/2026 00:32:15] "GET /c/elena-suarez-brightpath-learning/qr.svg HTTP/1.1" 200 94358
[09/Jul/2026 00:32:15] "GET /c/carolina-perez-brightpath-learning/qr.svg HTTP/1.1" 200 113196
[09/Jul/2026 00:32:15] "GET /c/julia-herrera-brightpath-learning/qr.svg HTTP/1.1" 200 87308
[09/Jul/2026 00:32:15] "GET /c/luis-manuel-pena-mendez-jans-green/qr.svg HTTP/1.1" 200 111422
[09/Jul/2026 00:32:15] "GET /c/ramon-castillo-brightpath-learning/qr.svg HTTP/1.1" 200 110758
[09/Jul/2026 00:32:15] "GET /c/miguel-batista-brightpath-learning/qr.svg HTTP/1.1" 200 107508
[09/Jul/2026 00:32:15] "GET /c/ana-paredes-metrobuild-contractors/qr.svg HTTP/1.1" 200 107934
[09/Jul/2026 00:32:15] "GET /c/luis-manuel-pena-mendez-jansgreen-tecnologies-llc/qr.svg HTTP/1.1" 200 130996
[09/Jul/2026 00:32:15] "GET /c/eduar-martinez-metrobuild-contractors/qr.svg HTTP/1.1" 200 112946
[09/Jul/2026 00:32:15] "GET /c/sofia-ortega-metrobuild-contractors/qr.svg HTTP/1.1" 200 114526
[09/Jul/2026 00:32:15] "GET /c/pedro-santos-metrobuild-contractors/qr.svg HTTP/1.1" 200 112990
[09/Jul/2026 00:32:15] "GET /c/kiara-lopez-sabor-caribe-catering/qr.svg HTTP/1.1" 200 95212
[09/Jul/2026 00:32:15] "GET /c/ivan-molina-metrobuild-contractors/qr.svg HTTP/1.1" 200 108820
[09/Jul/2026 00:32:15] "GET /c/patricia-luna-sabor-caribe-catering/qr.svg HTTP/1.1" 200 112766
[09/Jul/2026 00:32:15] "GET /c/marcos-jimenez-sabor-caribe-catering/qr.svg HTTP/1.1" 200 113846
[09/Jul/2026 00:32:15] "GET /c/rafael-nunez-sabor-caribe-catering/qr.svg HTTP/1.1" 200 110330
[09/Jul/2026 00:32:15] "GET /c/tomas-vega-sabor-caribe-catering/qr.svg HTTP/1.1" 200 93900
[09/Jul/2026 00:32:15] "GET /c/oscar-leon-vitalcare-clinic/qr.svg HTTP/1.1" 200 92256
[09/Jul/2026 00:32:15] "GET /c/daniela-cruz-vitalcare-clinic/qr.svg HTTP/1.1" 200 91502
[09/Jul/2026 00:32:15] "GET /c/henry-vargas-vitalcare-clinic/qr.svg HTTP/1.1" 200 88186
[09/Jul/2026 00:32:15] "GET /c/laura-medina-vitalcare-clinic/qr.svg HTTP/1.1" 200 90826
[09/Jul/2026 00:32:15] "GET /c/ruth-alvarez-vitalcare-clinic/qr.svg HTTP/1.1" 200 91476
[09/Jul/2026 00:32:17] "GET /empresas/ HTTP/1.1" 200 61533
[09/Jul/2026 00:32:17] "GET /c/adrian-soto-bluenova-technologies/qr.svg HTTP/1.1" 200 94894
[09/Jul/2026 00:32:17] "GET /c/camila-rivas-bluenova-technologies/qr.svg HTTP/1.1" 200 112292
[09/Jul/2026 00:32:17] "GET /c/marta-reyes-bluenova-technologies/qr.svg HTTP/1.1" 200 95542
[09/Jul/2026 00:32:17] "GET /c/carolina-perez-brightpath-learning/qr.svg HTTP/1.1" 200 113196
[09/Jul/2026 00:32:17] "GET /c/nestor-diaz-bluenova-technologies/qr.svg HTTP/1.1" 200 94020
[09/Jul/2026 00:32:17] "GET /c/julia-herrera-brightpath-learning/qr.svg HTTP/1.1" 200 87308
[09/Jul/2026 00:32:17] "GET /c/joel-cabrera-bluenova-technologies/qr.svg HTTP/1.1" 200 115608
[09/Jul/2026 00:32:17] "GET /c/elena-suarez-brightpath-learning/qr.svg HTTP/1.1" 200 94358
[09/Jul/2026 00:32:17] "GET /c/miguel-batista-brightpath-learning/qr.svg HTTP/1.1" 200 107508
[09/Jul/2026 00:32:17] "GET /c/ramon-castillo-brightpath-learning/qr.svg HTTP/1.1" 200 110758
[09/Jul/2026 00:32:17] "GET /c/luis-manuel-pena-mendez-jans-green/qr.svg HTTP/1.1" 200 111422
[09/Jul/2026 00:32:17] "GET /c/ana-paredes-metrobuild-contractors/qr.svg HTTP/1.1" 200 107934
[09/Jul/2026 00:32:17] "GET /c/luis-manuel-pena-mendez-jansgreen-tecnologies-llc/qr.svg HTTP/1.1" 200 130996
[09/Jul/2026 00:32:17] "GET /c/eduar-martinez-metrobuild-contractors/qr.svg HTTP/1.1" 200 112946
[09/Jul/2026 00:32:17] "GET /c/ivan-molina-metrobuild-contractors/qr.svg HTTP/1.1" 200 108820
[09/Jul/2026 00:32:17] "GET /c/pedro-santos-metrobuild-contractors/qr.svg HTTP/1.1" 200 112990
[09/Jul/2026 00:32:17] "GET /c/sofia-ortega-metrobuild-contractors/qr.svg HTTP/1.1" 200 114526
[09/Jul/2026 00:32:17] "GET /c/kiara-lopez-sabor-caribe-catering/qr.svg HTTP/1.1" 200 95212
[09/Jul/2026 00:32:17] "GET /c/patricia-luna-sabor-caribe-catering/qr.svg HTTP/1.1" 200 112766
[09/Jul/2026 00:32:17] "GET /c/rafael-nunez-sabor-caribe-catering/qr.svg HTTP/1.1" 200 110330
[09/Jul/2026 00:32:17] "GET /c/tomas-vega-sabor-caribe-catering/qr.svg HTTP/1.1" 200 93900
[09/Jul/2026 00:32:17] "GET /c/marcos-jimenez-sabor-caribe-catering/qr.svg HTTP/1.1" 200 113846
[09/Jul/2026 00:32:17] "GET /c/daniela-cruz-vitalcare-clinic/qr.svg HTTP/1.1" 200 91502
[09/Jul/2026 00:32:17] "GET /c/laura-medina-vitalcare-clinic/qr.svg HTTP/1.1" 200 90826
[09/Jul/2026 00:32:17] "GET /c/henry-vargas-vitalcare-clinic/qr.svg HTTP/1.1" 200 88186
[09/Jul/2026 00:32:17] "GET /c/oscar-leon-vitalcare-clinic/qr.svg HTTP/1.1" 200 92256
[09/Jul/2026 00:32:17] "GET /c/ruth-alvarez-vitalcare-clinic/qr.svg HTTP/1.1" 200 91476
[09/Jul/2026 00:32:31] "GET /empresas/ HTTP/1.1" 200 61533
[09/Jul/2026 00:32:31] "GET /c/adrian-soto-bluenova-technologies/qr.svg HTTP/1.1" 200 94894
[09/Jul/2026 00:32:31] "GET /c/camila-rivas-bluenova-technologies/qr.svg HTTP/1.1" 200 112292
[09/Jul/2026 00:32:31] "GET /c/elena-suarez-brightpath-learning/qr.svg HTTP/1.1" 200 94358
[09/Jul/2026 00:32:31] "GET /c/nestor-diaz-bluenova-technologies/qr.svg HTTP/1.1" 200 94020
[09/Jul/2026 00:32:31] "GET /c/joel-cabrera-bluenova-technologies/qr.svg HTTP/1.1" 200 115608
[09/Jul/2026 00:32:31] "GET /c/carolina-perez-brightpath-learning/qr.svg HTTP/1.1" 200 113196
[09/Jul/2026 00:32:31] "GET /c/julia-herrera-brightpath-learning/qr.svg HTTP/1.1" 200 87308
[09/Jul/2026 00:32:31] "GET /c/marta-reyes-bluenova-technologies/qr.svg HTTP/1.1" 200 95542
[09/Jul/2026 00:32:31] "GET /c/ramon-castillo-brightpath-learning/qr.svg HTTP/1.1" 200 110758
[09/Jul/2026 00:32:31] "GET /c/miguel-batista-brightpath-learning/qr.svg HTTP/1.1" 200 107508
[09/Jul/2026 00:32:31] "GET /c/luis-manuel-pena-mendez-jans-green/qr.svg HTTP/1.1" 200 111422
[09/Jul/2026 00:32:31] "GET /c/ana-paredes-metrobuild-contractors/qr.svg HTTP/1.1" 200 107934
[09/Jul/2026 00:32:31] "GET /c/luis-manuel-pena-mendez-jansgreen-tecnologies-llc/qr.svg HTTP/1.1" 200 130996
[09/Jul/2026 00:32:31] "GET /c/eduar-martinez-metrobuild-contractors/qr.svg HTTP/1.1" 200 112946
[09/Jul/2026 00:32:31] "GET /c/ivan-molina-metrobuild-contractors/qr.svg HTTP/1.1" 200 108820
[09/Jul/2026 00:32:31] "GET /c/sofia-ortega-metrobuild-contractors/qr.svg HTTP/1.1" 200 114526
[09/Jul/2026 00:32:31] "GET /c/pedro-santos-metrobuild-contractors/qr.svg HTTP/1.1" 200 112990
[09/Jul/2026 00:32:31] "GET /c/marcos-jimenez-sabor-caribe-catering/qr.svg HTTP/1.1" 200 113846
[09/Jul/2026 00:32:31] "GET /c/kiara-lopez-sabor-caribe-catering/qr.svg HTTP/1.1" 200 95212
[09/Jul/2026 00:32:31] "GET /c/patricia-luna-sabor-caribe-catering/qr.svg HTTP/1.1" 200 112766
[09/Jul/2026 00:32:31] "GET /c/tomas-vega-sabor-caribe-catering/qr.svg HTTP/1.1" 200 93900
[09/Jul/2026 00:32:31] "GET /c/rafael-nunez-sabor-caribe-catering/qr.svg HTTP/1.1" 200 110330
[09/Jul/2026 00:32:31] "GET /c/daniela-cruz-vitalcare-clinic/qr.svg HTTP/1.1" 200 91502
[09/Jul/2026 00:32:31] "GET /c/henry-vargas-vitalcare-clinic/qr.svg HTTP/1.1" 200 88186
[09/Jul/2026 00:32:31] "GET /c/oscar-leon-vitalcare-clinic/qr.svg HTTP/1.1" 200 92256
[09/Jul/2026 00:32:31] "GET /c/laura-medina-vitalcare-clinic/qr.svg HTTP/1.1" 200 90826
[09/Jul/2026 00:32:31] "GET /c/ruth-alvarez-vitalcare-clinic/qr.svg HTTP/1.1" 200 91476
[09/Jul/2026 00:32:33] "GET /c/presentacion/camila-rivas-bluenova-technologies-presentacion/ HTTP/1.1" 200 6728
[09/Jul/2026 00:32:33] "GET /c/camila-rivas-bluenova-technologies/qr.svg HTTP/1.1" 200 112292
[09/Jul/2026 00:32:44] "GET /empresas/ HTTP/1.1" 200 61533
[09/Jul/2026 00:32:44] "GET /c/adrian-soto-bluenova-technologies/qr.svg HTTP/1.1" 200 94894
[09/Jul/2026 00:32:44] "GET /c/camila-rivas-bluenova-technologies/qr.svg HTTP/1.1" 200 112292
[09/Jul/2026 00:32:44] "GET /c/nestor-diaz-bluenova-technologies/qr.svg HTTP/1.1" 200 94020
[09/Jul/2026 00:32:44] "GET /c/marta-reyes-bluenova-technologies/qr.svg HTTP/1.1" 200 95542
[09/Jul/2026 00:32:44] "GET /c/carolina-perez-brightpath-learning/qr.svg HTTP/1.1" 200 113196
[09/Jul/2026 00:32:44] "GET /c/joel-cabrera-bluenova-technologies/qr.svg HTTP/1.1" 200 115608
[09/Jul/2026 00:32:44] "GET /c/elena-suarez-brightpath-learning/qr.svg HTTP/1.1" 200 94358
[09/Jul/2026 00:32:44] "GET /c/julia-herrera-brightpath-learning/qr.svg HTTP/1.1" 200 87308
[09/Jul/2026 00:32:44] "GET /c/miguel-batista-brightpath-learning/qr.svg HTTP/1.1" 200 107508
[09/Jul/2026 00:32:45] "GET /c/ramon-castillo-brightpath-learning/qr.svg HTTP/1.1" 200 110758
[09/Jul/2026 00:32:45] "GET /c/luis-manuel-pena-mendez-jans-green/qr.svg HTTP/1.1" 200 111422
[09/Jul/2026 00:32:45] "GET /c/luis-manuel-pena-mendez-jansgreen-tecnologies-llc/qr.svg HTTP/1.1" 200 130996
[09/Jul/2026 00:32:45] "GET /c/ana-paredes-metrobuild-contractors/qr.svg HTTP/1.1" 200 107934
[09/Jul/2026 00:32:45] "GET /c/eduar-martinez-metrobuild-contractors/qr.svg HTTP/1.1" 200 112946
[09/Jul/2026 00:32:45] "GET /c/ivan-molina-metrobuild-contractors/qr.svg HTTP/1.1" 200 108820
[09/Jul/2026 00:32:45] "GET /c/pedro-santos-metrobuild-contractors/qr.svg HTTP/1.1" 200 112990
[09/Jul/2026 00:32:45] "GET /c/sofia-ortega-metrobuild-contractors/qr.svg HTTP/1.1" 200 114526
[09/Jul/2026 00:32:45] "GET /c/marcos-jimenez-sabor-caribe-catering/qr.svg HTTP/1.1" 200 113846
[09/Jul/2026 00:32:45] "GET /c/kiara-lopez-sabor-caribe-catering/qr.svg HTTP/1.1" 200 95212
[09/Jul/2026 00:32:45] "GET /c/patricia-luna-sabor-caribe-catering/qr.svg HTTP/1.1" 200 112766
[09/Jul/2026 00:32:45] "GET /c/rafael-nunez-sabor-caribe-catering/qr.svg HTTP/1.1" 200 110330
[09/Jul/2026 00:32:45] "GET /c/tomas-vega-sabor-caribe-catering/qr.svg HTTP/1.1" 200 93900
[09/Jul/2026 00:32:45] "GET /c/henry-vargas-vitalcare-clinic/qr.svg HTTP/1.1" 200 88186
[09/Jul/2026 00:32:45] "GET /c/daniela-cruz-vitalcare-clinic/qr.svg HTTP/1.1" 200 91502
[09/Jul/2026 00:32:45] "GET /c/laura-medina-vitalcare-clinic/qr.svg HTTP/1.1" 200 90826
[09/Jul/2026 00:32:45] "GET /c/oscar-leon-vitalcare-clinic/qr.svg HTTP/1.1" 200 92256
[09/Jul/2026 00:32:45] "GET /c/ruth-alvarez-vitalcare-clinic/qr.svg HTTP/1.1" 200 91476
[09/Jul/2026 00:32:58] "GET /empresas/ HTTP/1.1" 200 61533
[09/Jul/2026 00:32:58] "GET /c/adrian-soto-bluenova-technologies/qr.svg HTTP/1.1" 200 94894
[09/Jul/2026 00:32:58] "GET /c/camila-rivas-bluenova-technologies/qr.svg HTTP/1.1" 200 112292
[09/Jul/2026 00:32:58] "GET /c/nestor-diaz-bluenova-technologies/qr.svg HTTP/1.1" 200 94020
[09/Jul/2026 00:32:58] "GET /c/joel-cabrera-bluenova-technologies/qr.svg HTTP/1.1" 200 115608
[09/Jul/2026 00:32:58] "GET /c/julia-herrera-brightpath-learning/qr.svg HTTP/1.1" 200 87308
[09/Jul/2026 00:32:58] "GET /c/marta-reyes-bluenova-technologies/qr.svg HTTP/1.1" 200 95542
[09/Jul/2026 00:32:58] "GET /c/elena-suarez-brightpath-learning/qr.svg HTTP/1.1" 200 94358
[09/Jul/2026 00:32:58] "GET /c/carolina-perez-brightpath-learning/qr.svg HTTP/1.1" 200 113196
[09/Jul/2026 00:32:58] "GET /c/miguel-batista-brightpath-learning/qr.svg HTTP/1.1" 200 107508
[09/Jul/2026 00:32:58] "GET /c/luis-manuel-pena-mendez-jansgreen-tecnologies-llc/qr.svg HTTP/1.1" 200 130996
[09/Jul/2026 00:32:58] "GET /c/luis-manuel-pena-mendez-jans-green/qr.svg HTTP/1.1" 200 111422
[09/Jul/2026 00:32:58] "GET /c/ramon-castillo-brightpath-learning/qr.svg HTTP/1.1" 200 110758
[09/Jul/2026 00:32:58] "GET /c/ivan-molina-metrobuild-contractors/qr.svg HTTP/1.1" 200 108820
[09/Jul/2026 00:32:58] "GET /c/ana-paredes-metrobuild-contractors/qr.svg HTTP/1.1" 200 107934
[09/Jul/2026 00:32:58] "GET /c/eduar-martinez-metrobuild-contractors/qr.svg HTTP/1.1" 200 112946
[09/Jul/2026 00:32:58] "GET /c/pedro-santos-metrobuild-contractors/qr.svg HTTP/1.1" 200 112990
[09/Jul/2026 00:32:58] "GET /c/sofia-ortega-metrobuild-contractors/qr.svg HTTP/1.1" 200 114526
[09/Jul/2026 00:32:58] "GET /c/kiara-lopez-sabor-caribe-catering/qr.svg HTTP/1.1" 200 95212
[09/Jul/2026 00:32:58] "GET /c/marcos-jimenez-sabor-caribe-catering/qr.svg HTTP/1.1" 200 113846
[09/Jul/2026 00:32:58] "GET /c/tomas-vega-sabor-caribe-catering/qr.svg HTTP/1.1" 200 93900
[09/Jul/2026 00:32:58] "GET /c/rafael-nunez-sabor-caribe-catering/qr.svg HTTP/1.1" 200 110330
[09/Jul/2026 00:32:58] "GET /c/patricia-luna-sabor-caribe-catering/qr.svg HTTP/1.1" 200 112766
[09/Jul/2026 00:32:58] "GET /c/daniela-cruz-vitalcare-clinic/qr.svg HTTP/1.1" 200 91502
[09/Jul/2026 00:32:58] "GET /c/henry-vargas-vitalcare-clinic/qr.svg HTTP/1.1" 200 88186
[09/Jul/2026 00:32:58] "GET /c/oscar-leon-vitalcare-clinic/qr.svg HTTP/1.1" 200 92256
[09/Jul/2026 00:32:58] "GET /c/laura-medina-vitalcare-clinic/qr.svg HTTP/1.1" 200 90826
[09/Jul/2026 00:32:58] "GET /c/ruth-alvarez-vitalcare-clinic/qr.svg HTTP/1.1" 200 91476
